Program
  List
    FuncDecl
      IdDecl ID="gcd1"
      List
        IdDecl ID="a"
        IdDecl ID="b"
      Block
        List
          WhileStmt
            NeqExpr
              IdUse ID="a"
              IdUse ID="b"
            Block
              List
                IfStmt
                  GtExpr
                    IdUse ID="a"
                    IdUse ID="b"
                  Block
                    List
                      AssignStmt
                        IdUse ID="a"
                        SubExpr
                          IdUse ID="a"
                          IdUse ID="b"
                  Opt
                    Block
                      List
                        AssignStmt
                          IdUse ID="b"
                          SubExpr
                            IdUse ID="b"
                            IdUse ID="a"
          ReturnStmt
            IdUse ID="a"
    FuncDecl
      IdDecl ID="gcd2"
      List
        IdDecl ID="a"
        IdDecl ID="b"
      Block
        List
          IfStmt
            EqExpr
              IdUse ID="b"
              Numeral NUMERAL="0"
            Block
              List
                ReturnStmt
                  IdUse ID="a"
            Opt
          ReturnStmt
            FuncCall
              IdUse ID="gcd2"
              List
                IdUse ID="b"
                ModExpr
                  IdUse ID="a"
                  IdUse ID="b"
    FuncDecl
      IdDecl ID="main"
      List
      Block
        List
          DeclStmt
            List
              Decl
                IdDecl ID="a"
                Opt
          DeclStmt
            List
              Decl
                IdDecl ID="b"
                Opt
          AssignStmt
            IdUse ID="a"
            FuncCall
              IdUse ID="read"
              List
          AssignStmt
            IdUse ID="b"
            FuncCall
              IdUse ID="read"
              List
          FuncCallStmt
            FuncCall
              IdUse ID="print"
              List
                FuncCall
                  IdUse ID="gcd1"
                  List
                    IdUse ID="a"
                    IdUse ID="b"
          FuncCallStmt
            FuncCall
              IdUse ID="print"
              List
                FuncCall
                  IdUse ID="gcd2"
                  List
                    IdUse ID="a"
                    IdUse ID="b"
          DeclStmt
            List
              Decl
                IdDecl ID="diff"
                Opt
                  SubExpr
                    FuncCall
                      IdUse ID="gcd1"
                      List
                        IdUse ID="a"
                        IdUse ID="b"
                    FuncCall
                      IdUse ID="gcd2"
                      List
                        IdUse ID="a"
                        IdUse ID="b"
          FuncCallStmt
            FuncCall
              IdUse ID="print"
              List
                IdUse ID="diff"
          ReturnStmt
            Numeral NUMERAL="0"
