Program
  List
    FuncDecl
      IdDecl ID="main"
      List
      List
        Decl
          IdDecl ID="x"
          Opt
            Numeral NUMERAL="3"
        Decl
          IdDecl ID="y"
          Opt
            IdUse ID="x"
        Assignment
          IdDecl ID="x"
          AddExpr
            IdUse ID="x"
            IdUse ID="y"
        Assignment
          IdDecl ID="x"
          AddExpr
            MulExpr
              Numeral NUMERAL="3"
              IdUse ID="x"
            IdUse ID="y"
        Assignment
          IdDecl ID="x"
          AddExpr
            IdUse ID="x"
            MulExpr
              IdUse ID="y"
              Numeral NUMERAL="3"
        Assignment
          IdDecl ID="x"
          AddExpr
            OppExpr
              IdUse ID="x"
            IdUse ID="y"
        Assignment
          IdDecl ID="x"
          MulExpr
            PrimaryExpr
              AddExpr
                IdUse ID="x"
                IdUse ID="y"
            Numeral NUMERAL="3"
        Assignment
          IdDecl ID="x"
          OppExpr
            PrimaryExpr
              AddExpr
                IdUse ID="x"
                IdUse ID="y"